<html>
<body>
<pre>
<h1>µVision Build Log</h1>
<h2>Tool Versions:</h2>
IDE-Version: µVision V5.29.0.0
Copyright (C) 2019 ARM Ltd and ARM Germany GmbH. All rights reserved.
License Information: Omar Mustafa, Assiut Robotics, LIC=----
 
Tool Versions:
Toolchain:       MDK-Lite  Version: 5.29.0.0
Toolchain Path:  C:\Keil_v5\ARM\ARMCC\Bin
C Compiler:      Armcc.exe V5.06 update 6 (build 750)
Assembler:       Armasm.exe V5.06 update 6 (build 750)
Linker/Locator:  ArmLink.exe V5.06 update 6 (build 750)
Library Manager: ArmAr.exe V5.06 update 6 (build 750)
Hex Converter:   FromElf.exe V5.06 update 6 (build 750)
CPU DLL:         SARM.DLL V5.29.0.0
Dialog DLL:      DARMP.DLL V1.53.0.0
Target DLL:      UL2ARM.DLL V1.74.10.0
Dialog DLL:      TARMP.DLL V1.53.0.0
 
<h2>Project:</h2>
C:\Users\Omarm\Desktop\XII\EDF\FreeRTOS\Demo\ARM7_LPC2129_Keil_RVDS\RTOSDemo.uvproj
Project File Date:  10/01/2022

<h2>Output:</h2>
*** Using Compiler 'V5.06 update 6 (build 750)', folder: 'C:\Keil_v5\ARM\ARMCC\Bin'
Build target 'RTOSDemo_THUMB'
compiling main.c...
Starter_Files_V1\Starter_Files_V1\source\main.c(133): warning:  #167-D: argument of type "void *" is incompatible with parameter of type "TaskHookFunction_t"
  		vTaskSetApplicationTaskTag( NULL, (void *) 1 );
Starter_Files_V1\Starter_Files_V1\source\main.c(186): warning:  #167-D: argument of type "void *" is incompatible with parameter of type "TaskHookFunction_t"
  		vTaskSetApplicationTaskTag( NULL, (void *) 2 );
Starter_Files_V1\Starter_Files_V1\source\main.c(235): warning:  #167-D: argument of type "void *" is incompatible with parameter of type "TaskHookFunction_t"
  		vTaskSetApplicationTaskTag( NULL, (void *) 3 );
Starter_Files_V1\Starter_Files_V1\source\main.c(259): warning:  #167-D: argument of type "void *" is incompatible with parameter of type "TaskHookFunction_t"
  		vTaskSetApplicationTaskTag( NULL, (void *) 4 );
Starter_Files_V1\Starter_Files_V1\source\main.c(265): warning:  #167-D: argument of type "char *" is incompatible with parameter of type "const signed char *const"
           vSerialPutString(xRxedStructure.ucData, sizeof(xRxedStructure.ucData));
Starter_Files_V1\Starter_Files_V1\source\main.c(277): warning:  #167-D: argument of type "void *" is incompatible with parameter of type "TaskHookFunction_t"
  		vTaskSetApplicationTaskTag( NULL, (void *) 5 );
Starter_Files_V1\Starter_Files_V1\source\main.c(293): warning:  #167-D: argument of type "void *" is incompatible with parameter of type "TaskHookFunction_t"
  		vTaskSetApplicationTaskTag( NULL, (void *) 6 );
Starter_Files_V1\Starter_Files_V1\source\main.c: 7 warnings, 0 errors
compiling tasks.c...
linking...
Program Size: Code=15752 RO-data=192 RW-data=304 ZI-data=15376  
FromELF: creating hex file...
".\bin\RTOSDemo.axf" - 0 Error(s), 7 Warning(s).
Build Time Elapsed:  00:00:02
</pre>
</body>
</html>
